Testing requirement of substituteLeaders...
node : Γ¥î Failed to require 
substituteLeaders: Error: Route.get() 
requires a callback function but got a 
[object Object]
At line:1 char:1
+ node test_requirement.js > 
test_output.txt 2>&1
+ ~~~~~~~~~~~~~~~~~~~~~~~~~~~~~~~~~~~~~
~~~~~~~~~~
    + CategoryInfo          : NotSpeci 
   fied: (Γ¥î Failed to r...[object O  
  bject]:String) [], RemoteException
    + FullyQualifiedErrorId : NativeCo 
   mmandError
 
    at Route.<computed> [as get] (C:\Us
ers\mulug\OneDrive\Desktop\gbi\gbi-back
end\node_modules\express\lib\router\rou
te.js:216:15)
    at proto.<computed> [as get] (C:\Us
ers\mulug\OneDrive\Desktop\gbi\gbi-back
end\node_modules\express\lib\router\ind
ex.js:521:19)
    at Object.<anonymous> (C:\Users\mul
ug\OneDrive\Desktop\gbi\gbi-backend\rou
tes\substituteLeaders.js:9:8)
    at Module._compile (node:internal/m
odules/cjs/loader:1730:14)
    at Object..js (node:internal/module
s/cjs/loader:1895:10)
    at Module.load (node:internal/modul
es/cjs/loader:1465:32)
    at Function._load (node:internal/mo
dules/cjs/loader:1282:12)
    at TracingChannel.traceSync 
(node:diagnostics_channel:322:14)
    at wrapModuleLoad (node:internal/mo
dules/cjs/loader:235:24)
    at Module.require (node:internal/mo
dules/cjs/loader:1487:12)
Stack trace: Error: Route.get() 
requires a callback function but got a 
[object Object]
    at Route.<computed> [as get] (C:\Us
ers\mulug\OneDrive\Desktop\gbi\gbi-back
end\node_modules\express\lib\router\rou
te.js:216:15)
    at proto.<computed> [as get] (C:\Us
ers\mulug\OneDrive\Desktop\gbi\gbi-back
end\node_modules\express\lib\router\ind
ex.js:521:19)
    at Object.<anonymous> (C:\Users\mul
ug\OneDrive\Desktop\gbi\gbi-backend\rou
tes\substituteLeaders.js:9:8)
    at Module._compile (node:internal/m
odules/cjs/loader:1730:14)
    at Object..js (node:internal/module
s/cjs/loader:1895:10)
    at Module.load (node:internal/modul
es/cjs/loader:1465:32)
    at Function._load (node:internal/mo
dules/cjs/loader:1282:12)
    at TracingChannel.traceSync 
(node:diagnostics_channel:322:14)
    at wrapModuleLoad (node:internal/mo
dules/cjs/loader:235:24)
    at Module.require (node:internal/mo
dules/cjs/loader:1487:12)
